[www.kingmyro.fun/index.html]
[www.kingmyro.fun/assets/images/favi.png]
[backblue.gif]
[fade.gif]
[index.html]
[maxcdn.bootstrapcdn.com/bootstrap/4.5.0/css/bootstrap.min.css]
[www.kingmyro.fun/assets/css/styles.css]
[cdnjs.cloudflare.com/ajax/libs/font-awesome/4.7.0/css/font-awesome.min.css]
[ajax.googleapis.com/ajax/libs/jquery/3.5.1/jquery.min.js]
[maxcdn.bootstrapcdn.com/bootstrap/4.5.0/js/bootstrap.min.js]
[cdnjs.cloudflare.com/ajax/libs/OwlCarousel2/2.3.4/assets/owl.carousel.min.css]
[cdnjs.cloudflare.com/ajax/libs/OwlCarousel2/2.3.4/owl.carousel.min.js]
[www.kingmyro.fun/assets/css/animate.css]
[www.kingmyro.fun/index-2.html]
[www.kingmyro.fun/assets/images/logo1.png]
[www.kingmyro.fun/assets/images/1.png]
[www.kingmyro.fun/assets/images/villa.png]
[www.kingmyro.fun/assets/images/pinksale_logo.png]
[www.kingmyro.fun/assets/images/dexview_logo.png]
[www.kingmyro.fun/assets/images/cmc_logo.png]
[www.kingmyro.fun/assets/images/coingecko_logo.png]
[www.kingmyro.fun/assets/images/dextools_logo.png]
[www.kingmyro.fun/assets/images/avedex_logo.png]
[www.kingmyro.fun/assets/images/im9.png]
[www.kingmyro.fun/index.html]
[www.kingmyro.fun/assets/js/wow.js]
[maxcdn.bootstrapcdn.com/bootstrap/4.5.0/css/bootstrap.min.css]
[www.kingmyro.fun/assets/images/curve.png]
[www.kingmyro.fun/assets/images/after-img.png]
[www.kingmyro.fun/assets/css/styles.css]
[cdnjs.cloudflare.com/ajax/libs/font-awesome/4.7.0/css/font-awesome.min.css]
[cdnjs.cloudflare.com/ajax/libs/OwlCarousel2/2.3.4/assets/owl.video.play.png]
[cdnjs.cloudflare.com/ajax/libs/OwlCarousel2/2.3.4/assets/owl.carousel.min.css]
[www.kingmyro.fun/assets/css/animate.css]
[www.kingmyro.fun/index-2.html]
[www.kingmyro.fun/assets/js/wow.js]
